
> inmobigo-dashboard@0.1.0 build
> next build

Ôû▓ Next.js 16.1.6 (Turbopack)
- Environments: .env.local

  Creating an optimized production build ...
Ô£ô Compiled successfully in 7.7min
  Skipping validation of types
  Collecting page data using 3 workers ...
  Generating static pages using 3 workers (0/52) ...
  Generating static pages using 3 workers (13/52) 
  Generating static pages using 3 workers (26/52) 
  Generating static pages using 3 workers (39/52) 
Ô£ô Generating static pages using 3 workers (52/52) in 15.2s
  Finalizing page optimization ...

Route (app)
Ôöî Ôùï /
Ôö£ Ôùï /_not-found
Ôö£ ãÆ /[id]
Ôö£ ãÆ /acceso-residente
Ôö£ Ôùï /activar-residente
Ôö£ ãÆ /api/cron/process-notifications
Ôö£ ãÆ /api/dashboard
Ôö£ ãÆ /api/debug-data
Ôö£ ãÆ /api/debug-limits
Ôö£ ãÆ /api/finance/metrics
Ôö£ ãÆ /api/finance/revenue-chart
Ôö£ ãÆ /api/hello
Ôö£ ãÆ /api/invoices
Ôö£ ãÆ /api/organizations
Ôö£ ãÆ /api/subscriptions/cancel
Ôö£ ãÆ /api/subscriptions/create
Ôö£ ãÆ /api/subscriptions/webhook
Ôö£ ãÆ /api/units
Ôö£ ãÆ /auth/confirm
Ôö£ Ôùï /auth/verify
Ôö£ ãÆ /dashboard
Ôö£ ãÆ /dashboard/amenidades
Ôö£ ãÆ /dashboard/amenidades/reservas
Ôö£ ãÆ /dashboard/avisos
Ôö£ ãÆ /dashboard/condominios
Ôö£ ãÆ /dashboard/condos
Ôö£ ãÆ /dashboard/configuracion
Ôö£ ãÆ /dashboard/configuracion/planes
Ôö£ ãÆ /dashboard/contabilidad-inteligente
Ôö£ ãÆ /dashboard/control-lectura
Ôö£ ãÆ /dashboard/finance
Ôö£ ãÆ /dashboard/finance/billing
Ôö£ ãÆ /dashboard/finance/invoices
Ôö£ ãÆ /dashboard/finance/payments
Ôö£ ãÆ /dashboard/finanzas
Ôö£ ãÆ /dashboard/help
Ôö£ ãÆ /dashboard/inicio-condominio
Ôö£ ãÆ /dashboard/inicio-propiedades
Ôö£ ãÆ /dashboard/integrations
Ôö£ ãÆ /dashboard/invoices/[id]
Ôö£ ãÆ /dashboard/maintenance
Ôö£ ãÆ /dashboard/morosos
Ôö£ ãÆ /dashboard/payments
Ôö£ ãÆ /dashboard/perfil
Ôö£ ãÆ /dashboard/premium-services
Ôö£ ãÆ /dashboard/propiedades
Ôö£ ãÆ /dashboard/propiedades/[id]
Ôö£ ãÆ /dashboard/reportes
Ôö£ ãÆ /dashboard/residentes
Ôö£ ãÆ /dashboard/residentes/[id]
Ôö£ ãÆ /dashboard/servicios
Ôö£ ãÆ /dashboard/transparencia
Ôö£ Ôùï /icon.png
Ôö£ Ôùï /login
Ôö£ ãÆ /onboarding
Ôö£ ãÆ /owner/analytics
Ôö£ ãÆ /owner/customers
Ôö£ ãÆ /owner/dashboard
Ôö£ ãÆ /owner/payments
Ôö£ ãÆ /owner/plans
Ôö£ ãÆ /owner/revenue
Ôö£ ãÆ /owner/settings
Ôö£ ãÆ /owner/support
Ôö£ ãÆ /pase/[code]
Ôö£ Ôùï /register
Ôö£ Ôùï /reset-password
Ôöö Ôùï /test-route


ãÆ Proxy (Middleware)

Ôùï  (Static)   prerendered as static content
ãÆ  (Dynamic)  server-rendered on demand

